node.exe : [33m[1mΓ
Üá[22m[39m 
Warning: Next.js 
inferred your 
workspace root, but 
it may not be 
correct.
At C:\Users\spnit\App
Data\Roaming\npm\npm.
ps1:24 char:5
+     & "node$exe"  "
$basedir/node_modules
/npm/bin/npm-cli.js" 
$args
+     ~~~~~~~~~~~~~~~
~~~~~~~~~~~~~~~~~~~~~
~~~~~~~~~~~~~~~~~~~~~
~~~~~
    + CategoryInfo   
           : 
NotSpecified: (    
[33m[1mΓÜá[2...not 
    be 
correct.:String) [   
 ], RemoteException
    + 
FullyQualifiedError  
  Id : 
NativeCommandErr    
or
 
 We detected 
multiple lockfiles 
and selected the 
directory of C:\Users
\spnit\package-lock.j
son as the root 
directory.
 To silence this 
warning, set 
`turbopack.root` in 
your Next.js config, 
or consider removing 
one of the lockfiles 
if it's not needed.
   See https://nextjs
.org/docs/app/api-ref
erence/config/next-co
nfig-js/turbopack#roo
t-directory for more 
information.
 Detected additional 
lockfiles: 
   * C:\Users\spnit\D
esktop\Zipo Fresh\app
s\web\package-lock.js
on


> Build error 
occurred
Error: Turbopack 
build failed with 12 
errors:
./Desktop/Zipo Fresh/
apps/web/src/app/chec
kout/page.js:5:1
[1m[31mModule not 
found[39m[22m: 
Can't resolve [32m'@
/utils/supabase/clien
t'[39m
[0m [90m 3 |[39m 
[36mimport[39m { 
useState[33m,[39m 
useEffect } 
[36mfrom[39m 
[32m'react'[39m
 [90m 4 |[39m 
[36mimport[39m { 
useRouter } 
[36mfrom[39m [32m'
next/navigation'[39m
[31m[1m>[22m[39m
[90m 5 |[39m 
[36mimport[39m { 
createClient } 
[36mfrom[39m [32m'
@/utils/supabase/clie
nt'[39m
 [90m   |[39m [31m
[1m^[22m[39m[31m
[1m^[22m[39m[31m[
1m^[22m[39m[31m[1
m^[22m[39m[31m[1m
^[22m[39m[31m[1m^
[22m[39m[31m[1m^
[22m[39m[31m[1m^[
22m[39m[31m[1m^[2
2m[39m[31m[1m^[22
m[39m[31m[1m^[22m
[39m[31m[1m^[22m
[39m[31m[1m^[22m[
39m[31m[1m^[22m[3
9m[31m[1m^[22m[39
m[31m[1m^[22m[39m
[31m[1m^[22m[39m
[31m[1m^[22m[39m[
31m[1m^[22m[39m[3
1m[1m^[22m[39m[31
m[1m^[22m[39m[31m
[1m^[22m[39m[31m
[1m^[22m[39m[31m[
1m^[22m[39m[31m[1
m^[22m[39m[31m[1m
^[22m[39m[31m[1m^
[22m[39m[31m[1m^
[22m[39m[31m[1m^[
22m[39m[31m[1m^[2
2m[39m[31m[1m^[22
m[39m[31m[1m^[22m
[39m[31m[1m^[22m
[39m[31m[1m^[22m[
39m[31m[1m^[22m[3
9m[31m[1m^[22m[39
m[31m[1m^[22m[39m
[31m[1m^[22m[39m
[31m[1m^[22m[39m[
31m[1m^[22m[39m[3
1m[1m^[22m[39m[31
m[1m^[22m[39m[31m
[1m^[22m[39m[31m
[1m^[22m[39m[31m[
1m^[22m[39m[31m[1
m^[22m[39m[31m[1m
^[22m[39m[31m[1m^
[22m[39m[31m[1m^
[22m[39m[31m[1m^[
22m[39m[31m[1m^[2
2m[39m[31m[1m^[22
m[39m[31m[1m^[22m
[39m[31m[1m^[22m
[39m
 [90m 6 |[39m 
[36mimport[39m 
[33mMapPicker[39m 
[36mfrom[39m [32m'
@/components/MapPicke
r'[39m
 [90m 7 |[39m 
[36mimport[39m { 
formatCurrency } 
[36mfrom[39m [32m'
@/utils/currency'[39
m
 [90m 8 |[39m 
[36mimport[39m { 
generateOrderCode } 
[36mfrom[39m [32m'
@/utils/order'[39m[
0m

Import map: aliased 
to relative './src/ut
ils/supabase/client' 
inside of [project]/D
esktop/Zipo 
Fresh/apps/web


Import traces:
  Client Component 
Browser:
    ./Desktop/Zipo Fr
esh/apps/web/src/app/
checkout/page.js 
[Client Component 
Browser]
    ./Desktop/Zipo Fr
esh/apps/web/src/app/
checkout/page.js 
[Server Component]

  Client Component 
SSR:
    ./Desktop/Zipo Fr
esh/apps/web/src/app/
checkout/page.js 
[Client Component 
SSR]
    ./Desktop/Zipo Fr
esh/apps/web/src/app/
checkout/page.js 
[Server Component]

https://nextjs.org/do
cs/messages/module-no
t-found


./Desktop/Zipo Fresh/
apps/web/src/app/staf
f/sign-in/page.js:4:1
[1m[31mModule not 
found[39m[22m: 
Can't resolve [32m'@
/utils/supabase/clien
t'[39m
[0m [90m 2 |[39m
 [90m 3 |[39m 
[36mimport[39m { 
useState } 
[36mfrom[39m 
[32m'react'[39m
[31m[1m>[22m[39m
[90m 4 |[39m 
[36mimport[39m { 
createClient } 
[36mfrom[39m [32m'
@/utils/supabase/clie
nt'[39m
 [90m   |[39m [31m
[1m^[22m[39m[31m
[1m^[22m[39m[31m[
1m^[22m[39m[31m[1
m^[22m[39m[31m[1m
^[22m[39m[31m[1m^
[22m[39m[31m[1m^
[22m[39m[31m[1m^[
22m[39m[31m[1m^[2
2m[39m[31m[1m^[22
m[39m[31m[1m^[22m
[39m[31m[1m^[22m
[39m[31m[1m^[22m[
39m[31m[1m^[22m[3
9m[31m[1m^[22m[39
m[31m[1m^[22m[39m
[31m[1m^[22m[39m
[31m[1m^[22m[39m[
31m[1m^[22m[39m[3
1m[1m^[22m[39m[31
m[1m^[22m[39m[31m
[1m^[22m[39m[31m
[1m^[22m[39m[31m[
1m^[22m[39m[31m[1
m^[22m[39m[31m[1m
^[22m[39m[31m[1m^
[22m[39m[31m[1m^
[22m[39m[31m[1m^[
22m[39m[31m[1m^[2
2m[39m[31m[1m^[22
m[39m[31m[1m^[22m
[39m[31m[1m^[22m
[39m[31m[1m^[22m[
39m[31m[1m^[22m[3
9m[31m[1m^[22m[39
m[31m[1m^[22m[39m
[31m[1m^[22m[39m
[31m[1m^[22m[39m[
31m[1m^[22m[39m[3
1m[1m^[22m[39m[31
m[1m^[22m[39m[31m
[1m^[22m[39m[31m
[1m^[22m[39m[31m[
1m^[22m[39m[31m[1
m^[22m[39m[31m[1m
^[22m[39m[31m[1m^
[22m[39m[31m[1m^
[22m[39m[31m[1m^[
22m[39m[31m[1m^[2
2m[39m[31m[1m^[22
m[39m[31m[1m^[22m
[39m[31m[1m^[22m
[39m
 [90m 5 |[39m 
[36mimport[39m { 
useRouter } 
[36mfrom[39m [32m'
next/navigation'[39m
 [90m 6 |[39m 
[36mimport[39m { 
[33mLock[39m } 
[36mfrom[39m [32m'
lucide-react'[39m 
[90m// just an icon 
placeholder[39m
 [90m 7 |[39m[0m

Import map: aliased 
to relative './src/ut
ils/supabase/client' 
inside of [project]/D
esktop/Zipo 
Fresh/apps/web


Import traces:
  Client Component 
Browser:
    ./Desktop/Zipo Fr
esh/apps/web/src/app/
staff/sign-in/page.js
 [Client Component 
Browser]
    ./Desktop/Zipo Fr
esh/apps/web/src/app/
staff/sign-in/page.js
 [Server Component]

  Client Component 
SSR:
    ./Desktop/Zipo Fr
esh/apps/web/src/app/
staff/sign-in/page.js
 [Client Component 
SSR]
    ./Desktop/Zipo Fr
esh/apps/web/src/app/
staff/sign-in/page.js
 [Server Component]

https://nextjs.org/do
cs/messages/module-no
t-found


./Desktop/Zipo Fresh/
apps/web/src/componen
ts/AdminDashboard.js:
4:1
[1m[31mModule not 
found[39m[22m: 
Can't resolve [32m'@
/utils/supabase/clien
t'[39m
[0m [90m 2 |[39m
 [90m 3 |[39m 
[36mimport[39m { 
useState[33m,[39m 
useEffect } 
[36mfrom[39m 
[32m'react'[39m
[31m[1m>[22m[39m
[90m 4 |[39m 
[36mimport[39m { 
createClient } 
[36mfrom[39m [32m'
@/utils/supabase/clie
nt'[39m
 [90m   |[39m [31m
[1m^[22m[39m[31m
[1m^[22m[39m[31m[
1m^[22m[39m[31m[1
m^[22m[39m[31m[1m
^[22m[39m[31m[1m^
[22m[39m[31m[1m^
[22m[39m[31m[1m^[
22m[39m[31m[1m^[2
2m[39m[31m[1m^[22
m[39m[31m[1m^[22m
[39m[31m[1m^[22m
[39m[31m[1m^[22m[
39m[31m[1m^[22m[3
9m[31m[1m^[22m[39
m[31m[1m^[22m[39m
[31m[1m^[22m[39m
[31m[1m^[22m[39m[
31m[1m^[22m[39m[3
1m[1m^[22m[39m[31
m[1m^[22m[39m[31m
[1m^[22m[39m[31m
[1m^[22m[39m[31m[
1m^[22m[39m[31m[1
m^[22m[39m[31m[1m
^[22m[39m[31m[1m^
[22m[39m[31m[1m^
[22m[39m[31m[1m^[
22m[39m[31m[1m^[2
2m[39m[31m[1m^[22
m[39m[31m[1m^[22m
[39m[31m[1m^[22m
[39m[31m[1m^[22m[
39m[31m[1m^[22m[3
9m[31m[1m^[22m[39
m[31m[1m^[22m[39m
[31m[1m^[22m[39m
[31m[1m^[22m[39m[
31m[1m^[22m[39m[3
1m[1m^[22m[39m[31
m[1m^[22m[39m[31m
[1m^[22m[39m[31m
[1m^[22m[39m[31m[
1m^[22m[39m[31m[1
m^[22m[39m[31m[1m
^[22m[39m[31m[1m^
[22m[39m[31m[1m^
[22m[39m[31m[1m^[
22m[39m[31m[1m^[2
2m[39m[31m[1m^[22
m[39m[31m[1m^[22m
[39m[31m[1m^[22m
[39m
 [90m 5 |[39m 
[36mimport[39m { 
formatCurrency } 
[36mfrom[39m [32m'
@/utils/currency'[39
m
 [90m 6 |[39m 
[36mimport[39m { [
33mFilter[39m[33m,
[39m [33mUser[39m 
} [36mfrom[39m [32
m'lucide-react'[39m
 [90m 7 |[39m[0m

Import map: aliased 
to relative './src/ut
ils/supabase/client' 
inside of [project]/D
esktop/Zipo 
Fresh/apps/web


Import trace:
  Server Component:
    ./Desktop/Zipo Fr
esh/apps/web/src/comp
onents/AdminDashboard
.js
    ./Desktop/Zipo Fr
esh/apps/web/src/app/
admin/page.js

https://nextjs.org/do
cs/messages/module-no
t-found


./Desktop/Zipo Fresh/
apps/web/src/componen
ts/OrderStatus.js:4:1
[1m[31mModule not 
found[39m[22m: 
Can't resolve [32m'@
/utils/supabase/clien
t'[39m
[0m [90m 2 |[39m
 [90m 3 |[39m 
[36mimport[39m { 
useEffect[33m,[39m 
useState } 
[36mfrom[39m 
[32m'react'[39m
[31m[1m>[22m[39m
[90m 4 |[39m 
[36mimport[39m { 
createClient } 
[36mfrom[39m [32m'
@/utils/supabase/clie
nt'[39m
 [90m   |[39m [31m
[1m^[22m[39m[31m
[1m^[22m[39m[31m[
1m^[22m[39m[31m[1
m^[22m[39m[31m[1m
^[22m[39m[31m[1m^
[22m[39m[31m[1m^
[22m[39m[31m[1m^[
22m[39m[31m[1m^[2
2m[39m[31m[1m^[22
m[39m[31m[1m^[22m
[39m[31m[1m^[22m
[39m[31m[1m^[22m[
39m[31m[1m^[22m[3
9m[31m[1m^[22m[39
m[31m[1m^[22m[39m
[31m[1m^[22m[39m
[31m[1m^[22m[39m[
31m[1m^[22m[39m[3
1m[1m^[22m[39m[31
m[1m^[22m[39m[31m
[1m^[22m[39m[31m
[1m^[22m[39m[31m[
1m^[22m[39m[31m[1
m^[22m[39m[31m[1m
^[22m[39m[31m[1m^
[22m[39m[31m[1m^
[22m[39m[31m[1m^[
22m[39m[31m[1m^[2
2m[39m[31m[1m^[22
m[39m[31m[1m^[22m
[39m[31m[1m^[22m
[39m[31m[1m^[22m[
39m[31m[1m^[22m[3
9m[31m[1m^[22m[39
m[31m[1m^[22m[39m
[31m[1m^[22m[39m
[31m[1m^[22m[39m[
31m[1m^[22m[39m[3
1m[1m^[22m[39m[31
m[1m^[22m[39m[31m
[1m^[22m[39m[31m
[1m^[22m[39m[31m[
1m^[22m[39m[31m[1
m^[22m[39m[31m[1m
^[22m[39m[31m[1m^
[22m[39m[31m[1m^
[22m[39m[31m[1m^[
22m[39m[31m[1m^[2
2m[39m[31m[1m^[22
m[39m[31m[1m^[22m
[39m[31m[1m^[22m
[39m
 [90m 5 |[39m 
[36mimport[39m { [
33mCheckCircle2[39m
[33m,[39m [33mClock
[39m[33m,[39m [33
mTruck[39m[33m,[39
m [33mPackage[39m[
33m,[39m 
[33mXCircle[39m } 
[36mfrom[39m [32m'
lucide-react'[39m
 [90m 6 |[39m 
[36mimport[39m { 
formatCurrency } 
[36mfrom[39m [32m'
@/utils/currency'[39
m
 [90m 7 |[39m[0m

Import map: aliased 
to relative './src/ut
ils/supabase/client' 
inside of [project]/D
esktop/Zipo 
Fresh/apps/web


Import trace:
  Server Component:
    ./Desktop/Zipo Fr
esh/apps/web/src/comp
onents/OrderStatus.js
    ./Desktop/Zipo Fr
esh/apps/web/src/app/
order/[orderCode]/pag
e.js

https://nextjs.org/do
cs/messages/module-no
t-found


./Desktop/Zipo Fresh/
apps/web/src/componen
ts/RiderDashboard.js:
4:1
[1m[31mModule not 
found[39m[22m: 
Can't resolve [32m'@
/utils/supabase/clien
t'[39m
[0m [90m 2 |[39m
 [90m 3 |[39m 
[36mimport[39m { 
useState[33m,[39m 
useEffect } 
[36mfrom[39m 
[32m'react'[39m
[31m[1m>[22m[39m
[90m 4 |[39m 
[36mimport[39m { 
createClient } 
[36mfrom[39m [32m'
@/utils/supabase/clie
nt'[39m
 [90m   |[39m [31m
[1m^[22m[39m[31m
[1m^[22m[39m[31m[
1m^[22m[39m[31m[1
m^[22m[39m[31m[1m
^[22m[39m[31m[1m^
[22m[39m[31m[1m^
[22m[39m[31m[1m^[
22m[39m[31m[1m^[2
2m[39m[31m[1m^[22
m[39m[31m[1m^[22m
[39m[31m[1m^[22m
[39m[31m[1m^[22m[
39m[31m[1m^[22m[3
9m[31m[1m^[22m[39
m[31m[1m^[22m[39m
[31m[1m^[22m[39m
[31m[1m^[22m[39m[
31m[1m^[22m[39m[3
1m[1m^[22m[39m[31
m[1m^[22m[39m[31m
[1m^[22m[39m[31m
[1m^[22m[39m[31m[
1m^[22m[39m[31m[1
m^[22m[39m[31m[1m
^[22m[39m[31m[1m^
[22m[39m[31m[1m^
[22m[39m[31m[1m^[
22m[39m[31m[1m^[2
2m[39m[31m[1m^[22
m[39m[31m[1m^[22m
[39m[31m[1m^[22m
[39m[31m[1m^[22m[
39m[31m[1m^[22m[3
9m[31m[1m^[22m[39
m[31m[1m^[22m[39m
[31m[1m^[22m[39m
[31m[1m^[22m[39m[
31m[1m^[22m[39m[3
1m[1m^[22m[39m[31
m[1m^[22m[39m[31m
[1m^[22m[39m[31m
[1m^[22m[39m[31m[
1m^[22m[39m[31m[1
m^[22m[39m[31m[1m
^[22m[39m[31m[1m^
[22m[39m[31m[1m^
[22m[39m[31m[1m^[
22m[39m[31m[1m^[2
2m[39m[31m[1m^[22
m[39m[31m[1m^[22m
[39m[31m[1m^[22m
[39m
 [90m 5 |[39m 
[36mimport[39m { 
formatCurrency } 
[36mfrom[39m [32m'
@/utils/currency'[39
m
 [90m 6 |[39m 
[36mimport[39m { [
33mExternalLink[39m
[33m,[39m 
[33mNavigation[39m 
} [36mfrom[39m [32
m'lucide-react'[39m
 [90m 7 |[39m[0m

Import map: aliased 
to relative './src/ut
ils/supabase/client' 
inside of [project]/D
esktop/Zipo 
Fresh/apps/web


Import trace:
  Server Component:
    ./Desktop/Zipo Fr
esh/apps/web/src/comp
onents/RiderDashboard
.js
    ./Desktop/Zipo Fr
esh/apps/web/src/app/
rider/page.js

https://nextjs.org/do
cs/messages/module-no
t-found


./Desktop/Zipo Fresh/
apps/web/src/app/admi
n/page.js:1:1
[1m[31mModule not 
found[39m[22m: 
Can't resolve [32m'@
/utils/supabase/serve
r'[39m
[0m[31m[1m>[22m[
39m[90m 1 |[39m 
[36mimport[39m { 
createClient } 
[36mfrom[39m [32m'
@/utils/supabase/serv
er'[39m
 [90m   |[39m [31m
[1m^[22m[39m[31m
[1m^[22m[39m[31m[
1m^[22m[39m[31m[1
m^[22m[39m[31m[1m
^[22m[39m[31m[1m^
[22m[39m[31m[1m^
[22m[39m[31m[1m^[
22m[39m[31m[1m^[2
2m[39m[31m[1m^[22
m[39m[31m[1m^[22m
[39m[31m[1m^[22m
[39m[31m[1m^[22m[
39m[31m[1m^[22m[3
9m[31m[1m^[22m[39
m[31m[1m^[22m[39m
[31m[1m^[22m[39m
[31m[1m^[22m[39m[
31m[1m^[22m[39m[3
1m[1m^[22m[39m[31
m[1m^[22m[39m[31m
[1m^[22m[39m[31m
[1m^[22m[39m[31m[
1m^[22m[39m[31m[1
m^[22m[39m[31m[1m
^[22m[39m[31m[1m^
[22m[39m[31m[1m^
[22m[39m[31m[1m^[
22m[39m[31m[1m^[2
2m[39m[31m[1m^[22
m[39m[31m[1m^[22m
[39m[31m[1m^[22m
[39m[31m[1m^[22m[
39m[31m[1m^[22m[3
9m[31m[1m^[22m[39
m[31m[1m^[22m[39m
[31m[1m^[22m[39m
[31m[1m^[22m[39m[
31m[1m^[22m[39m[3
1m[1m^[22m[39m[31
m[1m^[22m[39m[31m
[1m^[22m[39m[31m
[1m^[22m[39m[31m[
1m^[22m[39m[31m[1
m^[22m[39m[31m[1m
^[22m[39m[31m[1m^
[22m[39m[31m[1m^
[22m[39m[31m[1m^[
22m[39m[31m[1m^[2
2m[39m[31m[1m^[22
m[39m[31m[1m^[22m
[39m[31m[1m^[22m
[39m
 [90m 2 |[39m 
[36mimport[39m [33
mAdminDashboard[39m 
[36mfrom[39m [32m'
@/components/AdminDas
hboard'[39m
 [90m 3 |[39m 
[36mimport[39m { 
redirect } 
[36mfrom[39m [32m'
next/navigation'[39m
 [90m 4 |[39m[0m

Import map: aliased 
to relative './src/ut
ils/supabase/server' 
inside of [project]/D
esktop/Zipo 
Fresh/apps/web


https://nextjs.org/do
cs/messages/module-no
t-found


./Desktop/Zipo Fresh/
apps/web/src/app/orde
r/[orderCode]/page.js
:1:1
[1m[31mModule not 
found[39m[22m: 
Can't resolve [32m'@
/utils/supabase/serve
r'[39m
[0m[31m[1m>[22m[
39m[90m 1 |[39m 
[36mimport[39m { 
createClient } 
[36mfrom[39m [32m'
@/utils/supabase/serv
er'[39m
 [90m   |[39m [31m
[1m^[22m[39m[31m
[1m^[22m[39m[31m[
1m^[22m[39m[31m[1
m^[22m[39m[31m[1m
^[22m[39m[31m[1m^
[22m[39m[31m[1m^
[22m[39m[31m[1m^[
22m[39m[31m[1m^[2
2m[39m[31m[1m^[22
m[39m[31m[1m^[22m
[39m[31m[1m^[22m
[39m[31m[1m^[22m[
39m[31m[1m^[22m[3
9m[31m[1m^[22m[39
m[31m[1m^[22m[39m
[31m[1m^[22m[39m
[31m[1m^[22m[39m[
31m[1m^[22m[39m[3
1m[1m^[22m[39m[31
m[1m^[22m[39m[31m
[1m^[22m[39m[31m
[1m^[22m[39m[31m[
1m^[22m[39m[31m[1
m^[22m[39m[31m[1m
^[22m[39m[31m[1m^
[22m[39m[31m[1m^
[22m[39m[31m[1m^[
22m[39m[31m[1m^[2
2m[39m[31m[1m^[22
m[39m[31m[1m^[22m
[39m[31m[1m^[22m
[39m[31m[1m^[22m[
39m[31m[1m^[22m[3
9m[31m[1m^[22m[39
m[31m[1m^[22m[39m
[31m[1m^[22m[39m
[31m[1m^[22m[39m[
31m[1m^[22m[39m[3
1m[1m^[22m[39m[31
m[1m^[22m[39m[31m
[1m^[22m[39m[31m
[1m^[22m[39m[31m[
1m^[22m[39m[31m[1
m^[22m[39m[31m[1m
^[22m[39m[31m[1m^
[22m[39m[31m[1m^
[22m[39m[31m[1m^[
22m[39m[31m[1m^[2
2m[39m[31m[1m^[22
m[39m[31m[1m^[22m
[39m[31m[1m^[22m
[39m
 [90m 2 |[39m 
[36mimport[39m [33
mOrderStatus[39m 
[36mfrom[39m [32m'
@/components/OrderSta
tus'[39m
 [90m 3 |[39m 
[36mimport[39m { 
notFound } 
[36mfrom[39m [32m'
next/navigation'[39m
 [90m 4 |[39m 
[36mimport[39m 
[33mLink[39m 
[36mfrom[39m [32m'
next/link'[39m[0m

Import map: aliased 
to relative './src/ut
ils/supabase/server' 
inside of [project]/D
esktop/Zipo 
Fresh/apps/web


https://nextjs.org/do
cs/messages/module-no
t-found


./Desktop/Zipo Fresh/
apps/web/src/app/page
.js:1:1
[1m[31mModule not 
found[39m[22m: 
Can't resolve [32m'@
/utils/supabase/serve
r'[39m
[0m[31m[1m>[22m[
39m[90m 1 |[39m 
[36mimport[39m { 
createClient } 
[36mfrom[39m [32m'
@/utils/supabase/serv
er'[39m
 [90m   |[39m [31m
[1m^[22m[39m[31m
[1m^[22m[39m[31m[
1m^[22m[39m[31m[1
m^[22m[39m[31m[1m
^[22m[39m[31m[1m^
[22m[39m[31m[1m^
[22m[39m[31m[1m^[
22m[39m[31m[1m^[2
2m[39m[31m[1m^[22
m[39m[31m[1m^[22m
[39m[31m[1m^[22m
[39m[31m[1m^[22m[
39m[31m[1m^[22m[3
9m[31m[1m^[22m[39
m[31m[1m^[22m[39m
[31m[1m^[22m[39m
[31m[1m^[22m[39m[
31m[1m^[22m[39m[3
1m[1m^[22m[39m[31
m[1m^[22m[39m[31m
[1m^[22m[39m[31m
[1m^[22m[39m[31m[
1m^[22m[39m[31m[1
m^[22m[39m[31m[1m
^[22m[39m[31m[1m^
[22m[39m[31m[1m^
[22m[39m[31m[1m^[
22m[39m[31m[1m^[2
2m[39m[31m[1m^[22
m[39m[31m[1m^[22m
[39m[31m[1m^[22m
[39m[31m[1m^[22m[
39m[31m[1m^[22m[3
9m[31m[1m^[22m[39
m[31m[1m^[22m[39m
[31m[1m^[22m[39m
[31m[1m^[22m[39m[
31m[1m^[22m[39m[3
1m[1m^[22m[39m[31
m[1m^[22m[39m[31m
[1m^[22m[39m[31m
[1m^[22m[39m[31m[
1m^[22m[39m[31m[1
m^[22m[39m[31m[1m
^[22m[39m[31m[1m^
[22m[39m[31m[1m^
[22m[39m[31m[1m^[
22m[39m[31m[1m^[2
2m[39m[31m[1m^[22
m[39m[31m[1m^[22m
[39m[31m[1m^[22m
[39m
 [90m 2 |[39m 
[36mimport[39m 
[33mHero[39m 
[36mfrom[39m [32m'
@/components/Hero'[3
9m
 [90m 3 |[39m 
[36mimport[39m [33
mCategoryChips[39m 
[36mfrom[39m [32m'
@/components/Category
Chips'[39m
 [90m 4 |[39m 
[36mimport[39m [33
mProductCard[39m 
[36mfrom[39m [32m'
@/components/ProductC
ard'[39m[0m

Import map: aliased 
to relative './src/ut
ils/supabase/server' 
inside of [project]/D
esktop/Zipo 
Fresh/apps/web


https://nextjs.org/do
cs/messages/module-no
t-found


./Desktop/Zipo Fresh/
apps/web/src/app/prod
uct/[slug]/page.js:1:
1
[1m[31mModule not 
found[39m[22m: 
Can't resolve [32m'@
/utils/supabase/serve
r'[39m
[0m[31m[1m>[22m[
39m[90m 1 |[39m 
[36mimport[39m { 
createClient } 
[36mfrom[39m [32m'
@/utils/supabase/serv
er'[39m
 [90m   |[39m [31m
[1m^[22m[39m[31m
[1m^[22m[39m[31m[
1m^[22m[39m[31m[1
m^[22m[39m[31m[1m
^[22m[39m[31m[1m^
[22m[39m[31m[1m^
[22m[39m[31m[1m^[
22m[39m[31m[1m^[2
2m[39m[31m[1m^[22
m[39m[31m[1m^[22m
[39m[31m[1m^[22m
[39m[31m[1m^[22m[
39m[31m[1m^[22m[3
9m[31m[1m^[22m[39
m[31m[1m^[22m[39m
[31m[1m^[22m[39m
[31m[1m^[22m[39m[
31m[1m^[22m[39m[3
1m[1m^[22m[39m[31
m[1m^[22m[39m[31m
[1m^[22m[39m[31m
[1m^[22m[39m[31m[
1m^[22m[39m[31m[1
m^[22m[39m[31m[1m
^[22m[39m[31m[1m^
[22m[39m[31m[1m^
[22m[39m[31m[1m^[
22m[39m[31m[1m^[2
2m[39m[31m[1m^[22
m[39m[31m[1m^[22m
[39m[31m[1m^[22m
[39m[31m[1m^[22m[
39m[31m[1m^[22m[3
9m[31m[1m^[22m[39
m[31m[1m^[22m[39m
[31m[1m^[22m[39m
[31m[1m^[22m[39m[
31m[1m^[22m[39m[3
1m[1m^[22m[39m[31
m[1m^[22m[39m[31m
[1m^[22m[39m[31m
[1m^[22m[39m[31m[
1m^[22m[39m[31m[1
m^[22m[39m[31m[1m
^[22m[39m[31m[1m^
[22m[39m[31m[1m^
[22m[39m[31m[1m^[
22m[39m[31m[1m^[2
2m[39m[31m[1m^[22
m[39m[31m[1m^[22m
[39m[31m[1m^[22m
[39m
 [90m 2 |[39m 
[36mimport[39m 
[33mImage[39m 
[36mfrom[39m [32m'
next/image'[39m
 [90m 3 |[39m 
[36mimport[39m { 
notFound } 
[36mfrom[39m [32m'
next/navigation'[39m
 [90m 4 |[39m 
[36mimport[39m { 
formatCurrency } 
[36mfrom[39m [32m'
@/utils/currency'[39
m[0m

Import map: aliased 
to relative './src/ut
ils/supabase/server' 
inside of [project]/D
esktop/Zipo 
Fresh/apps/web


https://nextjs.org/do
cs/messages/module-no
t-found


./Desktop/Zipo Fresh/
apps/web/src/app/ride
r/page.js:1:1
[1m[31mModule not 
found[39m[22m: 
Can't resolve [32m'@
/utils/supabase/serve
r'[39m
[0m[31m[1m>[22m[
39m[90m 1 |[39m 
[36mimport[39m { 
createClient } 
[36mfrom[39m [32m'
@/utils/supabase/serv
er'[39m
 [90m   |[39m [31m
[1m^[22m[39m[31m
[1m^[22m[39m[31m[
1m^[22m[39m[31m[1
m^[22m[39m[31m[1m
^[22m[39m[31m[1m^
[22m[39m[31m[1m^
[22m[39m[31m[1m^[
22m[39m[31m[1m^[2
2m[39m[31m[1m^[22
m[39m[31m[1m^[22m
[39m[31m[1m^[22m
[39m[31m[1m^[22m[
39m[31m[1m^[22m[3
9m[31m[1m^[22m[39
m[31m[1m^[22m[39m
[31m[1m^[22m[39m
[31m[1m^[22m[39m[
31m[1m^[22m[39m[3
1m[1m^[22m[39m[31
m[1m^[22m[39m[31m
[1m^[22m[39m[31m
[1m^[22m[39m[31m[
1m^[22m[39m[31m[1
m^[22m[39m[31m[1m
^[22m[39m[31m[1m^
[22m[39m[31m[1m^
[22m[39m[31m[1m^[
22m[39m[31m[1m^[2
2m[39m[31m[1m^[22
m[39m[31m[1m^[22m
[39m[31m[1m^[22m
[39m[31m[1m^[22m[
39m[31m[1m^[22m[3
9m[31m[1m^[22m[39
m[31m[1m^[22m[39m
[31m[1m^[22m[39m
[31m[1m^[22m[39m[
31m[1m^[22m[39m[3
1m[1m^[22m[39m[31
m[1m^[22m[39m[31m
[1m^[22m[39m[31m
[1m^[22m[39m[31m[
1m^[22m[39m[31m[1
m^[22m[39m[31m[1m
^[22m[39m[31m[1m^
[22m[39m[31m[1m^
[22m[39m[31m[1m^[
22m[39m[31m[1m^[2
2m[39m[31m[1m^[22
m[39m[31m[1m^[22m
[39m[31m[1m^[22m
[39m
 [90m 2 |[39m 
[36mimport[39m [33
mRiderDashboard[39m 
[36mfrom[39m [32m'
@/components/RiderDas
hboard'[39m
 [90m 3 |[39m 
[36mimport[39m { 
redirect } 
[36mfrom[39m [32m'
next/navigation'[39m
 [90m 4 |[39m[0m

Import map: aliased 
to relative './src/ut
ils/supabase/server' 
inside of [project]/D
esktop/Zipo 
Fresh/apps/web


https://nextjs.org/do
cs/messages/module-no
t-found


./Desktop/Zipo Fresh/
apps/web/src/app/shop
/page.js:1:1
[1m[31mModule not 
found[39m[22m: 
Can't resolve [32m'@
/utils/supabase/serve
r'[39m
[0m[31m[1m>[22m[
39m[90m 1 |[39m 
[36mimport[39m { 
createClient } 
[36mfrom[39m [32m'
@/utils/supabase/serv
er'[39m
 [90m   |[39m [31m
[1m^[22m[39m[31m
[1m^[22m[39m[31m[
1m^[22m[39m[31m[1
m^[22m[39m[31m[1m
^[22m[39m[31m[1m^
[22m[39m[31m[1m^
[22m[39m[31m[1m^[
22m[39m[31m[1m^[2
2m[39m[31m[1m^[22
m[39m[31m[1m^[22m
[39m[31m[1m^[22m
[39m[31m[1m^[22m[
39m[31m[1m^[22m[3
9m[31m[1m^[22m[39
m[31m[1m^[22m[39m
[31m[1m^[22m[39m
[31m[1m^[22m[39m[
31m[1m^[22m[39m[3
1m[1m^[22m[39m[31
m[1m^[22m[39m[31m
[1m^[22m[39m[31m
[1m^[22m[39m[31m[
1m^[22m[39m[31m[1
m^[22m[39m[31m[1m
^[22m[39m[31m[1m^
[22m[39m[31m[1m^
[22m[39m[31m[1m^[
22m[39m[31m[1m^[2
2m[39m[31m[1m^[22
m[39m[31m[1m^[22m
[39m[31m[1m^[22m
[39m[31m[1m^[22m[
39m[31m[1m^[22m[3
9m[31m[1m^[22m[39
m[31m[1m^[22m[39m
[31m[1m^[22m[39m
[31m[1m^[22m[39m[
31m[1m^[22m[39m[3
1m[1m^[22m[39m[31
m[1m^[22m[39m[31m
[1m^[22m[39m[31m
[1m^[22m[39m[31m[
1m^[22m[39m[31m[1
m^[22m[39m[31m[1m
^[22m[39m[31m[1m^
[22m[39m[31m[1m^
[22m[39m[31m[1m^[
22m[39m[31m[1m^[2
2m[39m[31m[1m^[22
m[39m[31m[1m^[22m
[39m[31m[1m^[22m
[39m
 [90m 2 |[39m 
[36mimport[39m [33
mProductCard[39m 
[36mfrom[39m [32m'
@/components/ProductC
ard'[39m
 [90m 3 |[39m 
[36mimport[39m [33
mCategoryChips[39m 
[36mfrom[39m [32m'
@/components/Category
Chips'[39m
 [90m 4 |[39m 
[36mimport[39m 
[33mSearchBar[39m 
[36mfrom[39m [32m'
@/components/SearchBa
r'[39m[0m

Import map: aliased 
to relative './src/ut
ils/supabase/server' 
inside of [project]/D
esktop/Zipo 
Fresh/apps/web


https://nextjs.org/do
cs/messages/module-no
t-found


./Desktop/Zipo Fresh/
apps/web/src/app/layo
ut.js:5:1
[1m[31mModule not 
found[39m[22m: 
Can't resolve 
[32m'sonner'[39m
[0m [90m 3 |[39m 
[36mimport[39m 
[33mNavbar[39m 
[36mfrom[39m [32m'
@/components/Navbar'
[39m
 [90m 4 |[39m 
[36mimport[39m 
[33mFooter[39m 
[36mfrom[39m [32m'
@/components/Footer'
[39m
[31m[1m>[22m[39m
[90m 5 |[39m 
[36mimport[39m { 
[33mToaster[39m } 
[36mfrom[39m 
[32m'sonner'[39m 
[90m// Optional for 
toasts, or just 
simple alert for 
now. [39m
 [90m   |[39m [31m
[1m^[22m[39m[31m
[1m^[22m[39m[31m[
1m^[22m[39m[31m[1
m^[22m[39m[31m[1m
^[22m[39m[31m[1m^
[22m[39m[31m[1m^
[22m[39m[31m[1m^[
22m[39m[31m[1m^[2
2m[39m[31m[1m^[22
m[39m[31m[1m^[22m
[39m[31m[1m^[22m
[39m[31m[1m^[22m[
39m[31m[1m^[22m[3
9m[31m[1m^[22m[39
m[31m[1m^[22m[39m
[31m[1m^[22m[39m
[31m[1m^[22m[39m[
31m[1m^[22m[39m[3
1m[1m^[22m[39m[31
m[1m^[22m[39m[31m
[1m^[22m[39m[31m
[1m^[22m[39m[31m[
1m^[22m[39m[31m[1
m^[22m[39m[31m[1m
^[22m[39m[31m[1m^
[22m[39m[31m[1m^
[22m[39m[31m[1m^[
22m[39m[31m[1m^[2
2m[39m[31m[1m^[22
m[39m[31m[1m^[22m
[39m
 [90m 6 |[39m 
[90m// User didn't 
ask for Sonner 
explicitly but 
"minimal". I'll skip 
Sonner for now 
unless I add it to 
package.json.[39m
 [90m 7 |[39m 
[90m// Wait, I 
didn't install 
sonner. I'll stick 
to basic.[39m
 [90m 8 |[39m[0m



https://nextjs.org/do
cs/messages/module-no
t-found


    at <unknown> 
(./Desktop/Zipo Fresh
/apps/web/src/app/che
ckout/page.js:5:1)
    at <unknown> (htt
ps://nextjs.org/docs/
messages/module-not-f
ound)
    at <unknown> 
(./Desktop/Zipo Fresh
/apps/web/src/app/sta
ff/sign-in/page.js:4:
1)
    at <unknown> (htt
ps://nextjs.org/docs/
messages/module-not-f
ound)
    at <unknown> 
(./Desktop/Zipo Fresh
/apps/web/src/compone
nts/AdminDashboard.js
:4:1)
    at <unknown> (htt
ps://nextjs.org/docs/
messages/module-not-f
ound)
    at <unknown> 
(./Desktop/Zipo Fresh
/apps/web/src/compone
nts/OrderStatus.js:4:
1)
    at <unknown> (htt
ps://nextjs.org/docs/
messages/module-not-f
ound)
    at <unknown> 
(./Desktop/Zipo Fresh
/apps/web/src/compone
nts/RiderDashboard.js
:4:1)
    at <unknown> (htt
ps://nextjs.org/docs/
messages/module-not-f
ound)
    at <unknown> 
(./Desktop/Zipo Fresh
/apps/web/src/app/adm
in/page.js:1:1)
    at <unknown> (htt
ps://nextjs.org/docs/
messages/module-not-f
ound)
    at <unknown> 
(./Desktop/Zipo Fresh
/apps/web/src/app/ord
er/[orderCode]/page.j
s:1:1)
    at <unknown> (htt
ps://nextjs.org/docs/
messages/module-not-f
ound)
    at <unknown> 
(./Desktop/Zipo Fresh
/apps/web/src/app/pag
e.js:1:1)
    at <unknown> (htt
ps://nextjs.org/docs/
messages/module-not-f
ound)
    at <unknown> 
(./Desktop/Zipo Fresh
/apps/web/src/app/pro
duct/[slug]/page.js:1
:1)
    at <unknown> (htt
ps://nextjs.org/docs/
messages/module-not-f
ound)
    at <unknown> 
(./Desktop/Zipo Fresh
/apps/web/src/app/rid
er/page.js:1:1)
    at <unknown> (htt
ps://nextjs.org/docs/
messages/module-not-f
ound)
    at <unknown> 
(./Desktop/Zipo Fresh
/apps/web/src/app/sho
p/page.js:1:1)
    at <unknown> (htt
ps://nextjs.org/docs/
messages/module-not-f
ound)
    at <unknown> 
(./Desktop/Zipo Fresh
/apps/web/src/app/lay
out.js:5:1)
    at <unknown> (htt
ps://nextjs.org/docs/
messages/module-not-f
ound)
